// Vitest Snapshot v1, https://vitest.dev/guide/snapshot.html

exports[`<Input /> > renders an input 1`] = `
<DocumentFragment>
  <div
    aria-label="input"
    class="MuiFormControl-root MuiTextField-root css-1rtv8xh-MuiFormControl-root-MuiTextField-root"
  >
    <div
      class="MuiInputBase-root MuiOutlinedInput-root MuiInputBase-colorPrimary MuiInputBase-formControl css-quhxjy-MuiInputBase-root-MuiOutlinedInput-root"
    >
      <input
        aria-invalid="false"
        class="MuiInputBase-input MuiOutlinedInput-input css-16wblaj-MuiInputBase-input-MuiOutlinedInput-input"
        id=":r0:"
        type="text"
        value="hello"
      />
      <fieldset
        aria-hidden="true"
        class="MuiOutlinedInput-notchedOutline css-18p5xg2-MuiNotchedOutlined-root-MuiOutlinedInput-notchedOutline"
      >
        <legend
          class="css-1nf2c5d-MuiNotchedOutlined-root"
        >
          <span
            aria-hidden="true"
            class="notranslate"
          >
            ​
          </span>
        </legend>
      </fieldset>
    </div>
  </div>
</DocumentFragment>
`;
