// Vitest Snapshot v1, https://vitest.dev/guide/snapshot.html

exports[`<ActionButton /> > it matches the snapshot 1`] = `
<button
  className="_actionbutton_b413d3"
  onClick={[MockFunction spy]}
  style={
    {
      "backgroundColor": undefined,
      "color": undefined,
      "cursor": undefined,
      "visibility": undefined,
      "whiteSpace": "normal",
    }
  }
>
  <span
    style={
      {
        "whiteSpace": "normal",
      }
    }
  >
    hello
  </span>
</button>
`;
