// Vitest Snapshot v1, https://vitest.dev/guide/snapshot.html

exports[`<DropDownComponent /> > it matches the snapshot 1`] = `
<details
  className="_Detail_e96ac1"
  open={false}
  style={
    {
      "backgroundColor": "rgba(0, 0, 0, 1)",
      "borderColor": "green",
      "borderRadius": "0px",
      "borderStyle": "solid",
      "borderWidth": "1px",
      "color": "rgb(155, 160, 209)",
      "minHeight": "",
    }
  }
>
  <summary
    className="_Summary_e96ac1"
    style={
      {
        "fontFamily": undefined,
        "fontSize": undefined,
        "fontStyle": undefined,
        "fontWeight": undefined,
      }
    }
  >
    Test
  </summary>
  <div
    className="_Children_e96ac1"
    style={
      {
        "height": "100%",
        "position": "relative",
        "width": "100%",
      }
    }
  >
    Test Text
  </div>
</details>
`;
