// Vitest Snapshot v1, https://vitest.dev/guide/snapshot.html

exports[`<DropDownComponent /> > it matches the snapshot 1`] = `
<details
  className="_Detail_b0feee"
  open={false}
  style={
    {
      "backgroundColor": "",
      "color": "",
      "minHeight": "",
    }
  }
>
  <summary
    className="_Summary_b0feee"
    style={{}}
  >
    Test
  </summary>
  <div
    className="_Children_b0feee"
    style={
      {
        "height": "100%",
        "position": "relative",
        "width": "100%",
      }
    }
  >
    Test Text
  </div>
</details>
`;
