// Vitest Snapshot v1, https://vitest.dev/guide/snapshot.html

exports[`<MenuMux /> > it matches the snapshot 1`] = `
<select
  onChange={[MockFunction spy]}
  style={
    {
      "width": "100%",
    }
  }
  value="a"
>
  <option
    value="a"
  >
    A
  </option>
  <option
    value="b"
  >
    B
  </option>
</select>
`;
