// Vitest Snapshot v1, https://vitest.dev/guide/snapshot.html

exports[`<Label /> > it matches the snapshot 1`] = `
<DocumentFragment>
  <div
    class="Label _Label_c35983"
    style="background-color: transparent; cursor: default; justify-content: flex-start; align-items: flex-start;"
  >
    <span>
       hello 
    </span>
  </div>
</DocumentFragment>
`;
